// Jest Snapshot v1, https://goo.gl/fbAQLP

exports[`Overview Tooltip should create a simple tooltip 1`] = `
<DocumentFragment>
  <div
    class="custom-tooltip"
  >
    <div>
      toto
    </div>
    <div>
      <div
        style="color: red;"
      >
        titi: 7
      </div>
      <div
        style="color: blue;"
      >
        tata: 42
      </div>
    </div>
  </div>
</DocumentFragment>
`;

exports[`Overview Tooltip should not create a tooltip 1`] = `<DocumentFragment />`;
