// Jest Snapshot v1, https://goo.gl/fbAQLP

exports[`should match snapshot 1`] = `
<DocumentFragment>
  <header>
    <h1>
      Décès annuels en France
      <small>
        Sources INSEE: 
        <a
          href="https://www.data.gouv.fr/fr/datasets/fichier-des-personnes-decedees"
          rel="noopener noreferrer"
          target="_blank"
        >
          data.gouv.fr
        </a>
      </small>
    </h1>
  </header>
  <main>
    <section
      class="top"
    >
      <aside>
        <ul
          class="list"
        >
          <li
            class=""
          >
            <div>
              <div
                class="dot"
                style="border-color: #ff80c5; background-color: rgb(255, 128, 197);"
              />
            </div>
            <div>
              <div
                class="year"
              >
                2020
              </div>
              <div
                class="deaths"
              >
                <div>
                  663 536 décès
                </div>
              </div>
            </div>
          </li>
          <li
            class=""
          >
            <div>
              <div
                class="dot"
                style="border-color: #ff80e8; background-color: rgb(255, 128, 232);"
              />
            </div>
            <div>
              <div
                class="year"
              >
                2019
              </div>
              <div
                class="deaths"
              >
                <div>
                  621 360 décès
                </div>
              </div>
            </div>
          </li>
          <li
            class=""
          >
            <div>
              <div
                class="dot"
                style="border-color: #f380ff; background-color: rgb(243, 128, 255);"
              />
            </div>
            <div>
              <div
                class="year"
              >
                2018
              </div>
              <div
                class="deaths"
              >
                <div>
                  618 491 décès
                </div>
              </div>
            </div>
          </li>
          <li
            class=""
          >
            <div>
              <div
                class="dot"
                style="border-color: #d180ff; background-color: rgb(209, 128, 255);"
              />
            </div>
            <div>
              <div
                class="year"
              >
                2017
              </div>
              <div
                class="deaths"
              >
                <div>
                  615 462 décès
                </div>
              </div>
            </div>
          </li>
          <li
            class="disabled"
          >
            <div>
              <div
                class="dot"
                style="border-color: #ae80ff; background-color: rgb(174, 128, 255);"
              />
            </div>
            <div>
              <div
                class="year"
              >
                2016
              </div>
              <div
                class="deaths"
              >
                <div>
                  602 243 décès
                </div>
              </div>
            </div>
          </li>
          <li
            class="disabled"
          >
            <div>
              <div
                class="dot"
                style="border-color: #8b80ff; background-color: rgb(139, 128, 255);"
              />
            </div>
            <div>
              <div
                class="year"
              >
                2015
              </div>
              <div
                class="deaths"
              >
                <div>
                  601 850 décès
                </div>
              </div>
            </div>
          </li>
          <li
            class="disabled"
          >
            <div>
              <div
                class="dot"
                style="border-color: #8097ff; background-color: rgb(128, 151, 255);"
              />
            </div>
            <div>
              <div
                class="year"
              >
                2014
              </div>
              <div
                class="deaths"
              >
                <div>
                  567 462 décès
                </div>
              </div>
            </div>
          </li>
          <li
            class="disabled"
          >
            <div>
              <div
                class="dot"
                style="border-color: #80b9ff; background-color: rgb(128, 185, 255);"
              />
            </div>
            <div>
              <div
                class="year"
              >
                2013
              </div>
              <div
                class="deaths"
              >
                <div>
                  577 534 décès
                </div>
              </div>
            </div>
          </li>
          <li
            class="disabled"
          >
            <div>
              <div
                class="dot"
                style="border-color: #80dcff; background-color: rgb(128, 220, 255);"
              />
            </div>
            <div>
              <div
                class="year"
              >
                2012
              </div>
              <div
                class="deaths"
              >
                <div>
                  578 137 décès
                </div>
              </div>
            </div>
          </li>
          <li
            class="disabled"
          >
            <div>
              <div
                class="dot"
                style="border-color: #80ffff; background-color: rgb(128, 255, 255);"
              />
            </div>
            <div>
              <div
                class="year"
              >
                2011
              </div>
              <div
                class="deaths"
              >
                <div>
                  548 954 décès
                </div>
              </div>
            </div>
          </li>
          <li
            class="disabled"
          >
            <div>
              <div
                class="dot"
                style="border-color: #80ffdc; background-color: rgb(128, 255, 220);"
              />
            </div>
            <div>
              <div
                class="year"
              >
                2010
              </div>
              <div
                class="deaths"
              >
                <div>
                  556 678 décès
                </div>
              </div>
            </div>
          </li>
          <li
            class="disabled"
          >
            <div>
              <div
                class="dot"
                style="border-color: #80ffb9; background-color: rgb(128, 255, 185);"
              />
            </div>
            <div>
              <div
                class="year"
              >
                2009
              </div>
              <div
                class="deaths"
              >
                <div>
                  555 746 décès
                </div>
              </div>
            </div>
          </li>
          <li
            class="disabled"
          >
            <div>
              <div
                class="dot"
                style="border-color: #80ff97; background-color: rgb(128, 255, 151);"
              />
            </div>
            <div>
              <div
                class="year"
              >
                2008
              </div>
              <div
                class="deaths"
              >
                <div>
                  549 875 décès
                </div>
              </div>
            </div>
          </li>
          <li
            class="disabled"
          >
            <div>
              <div
                class="dot"
                style="border-color: #8bff80; background-color: rgb(139, 255, 128);"
              />
            </div>
            <div>
              <div
                class="year"
              >
                2007
              </div>
              <div
                class="deaths"
              >
                <div>
                  538 196 décès
                </div>
              </div>
            </div>
          </li>
          <li
            class="disabled"
          >
            <div>
              <div
                class="dot"
                style="border-color: #aeff80; background-color: rgb(174, 255, 128);"
              />
            </div>
            <div>
              <div
                class="year"
              >
                2006
              </div>
              <div
                class="deaths"
              >
                <div>
                  533 281 décès
                </div>
              </div>
            </div>
          </li>
          <li
            class="disabled"
          >
            <div>
              <div
                class="dot"
                style="border-color: #d1ff80; background-color: rgb(209, 255, 128);"
              />
            </div>
            <div>
              <div
                class="year"
              >
                2005
              </div>
              <div
                class="deaths"
              >
                <div>
                  545 718 décès
                </div>
              </div>
            </div>
          </li>
          <li
            class="disabled"
          >
            <div>
              <div
                class="dot"
                style="border-color: #f3ff80; background-color: rgb(243, 255, 128);"
              />
            </div>
            <div>
              <div
                class="year"
              >
                2004
              </div>
              <div
                class="deaths"
              >
                <div>
                  526 698 décès
                </div>
              </div>
            </div>
          </li>
          <li
            class="disabled"
          >
            <div>
              <div
                class="dot"
                style="border-color: #ffe880; background-color: rgb(255, 232, 128);"
              />
            </div>
            <div>
              <div
                class="year"
              >
                2003
              </div>
              <div
                class="deaths"
              >
                <div>
                  570 656 décès
                </div>
              </div>
            </div>
          </li>
          <li
            class="disabled"
          >
            <div>
              <div
                class="dot"
                style="border-color: #ffc580; background-color: rgb(255, 197, 128);"
              />
            </div>
            <div>
              <div
                class="year"
              >
                2002
              </div>
              <div
                class="deaths"
              >
                <div>
                  552 523 décès
                </div>
              </div>
            </div>
          </li>
          <li
            class="disabled"
          >
            <div>
              <div
                class="dot"
                style="border-color: #ffa280; background-color: rgb(255, 162, 128);"
              />
            </div>
            <div>
              <div
                class="year"
              >
                2001
              </div>
              <div
                class="deaths"
              >
                <div>
                  548 162 décès
                </div>
              </div>
            </div>
          </li>
          <li
            class="disabled"
          >
            <div>
              <div
                class="dot"
                style="border-color: #ff8080; background-color: rgb(255, 128, 128);"
              />
            </div>
            <div>
              <div
                class="year"
              >
                2000
              </div>
              <div
                class="deaths"
              >
                <div>
                  546 860 décès
                </div>
              </div>
            </div>
          </li>
        </ul>
        <div
          class="filters"
        >
          <div
            class="age"
          >
            <div
              class="button-group vertical"
            >
              <button
                class=""
              >
                0-15
              </button>
              <button
                class=""
              >
                15-30
              </button>
              <button
                class=""
              >
                30-45
              </button>
              <button
                class=""
              >
                45-60
              </button>
              <button
                class=""
              >
                60-75
              </button>
              <button
                class=""
              >
                75-90
              </button>
              <button
                class=""
              >
                90+
              </button>
            </div>
          </div>
          <div
            class="gender"
          >
            <div
              class="button-group vertical"
            >
              <button
                class=""
              >
                <svg
                  fill="currentColor"
                  height="40px"
                  stroke="currentColor"
                  stroke-width="0"
                  viewBox="0 0 512 512"
                  width="40px"
                  xmlns="http://www.w3.org/2000/svg"
                >
                  <path
                    d="M442 48h-90a22 22 0 000 44h36.89l-60.39 60.39c-68.19-52.86-167-48-229.54 14.57C31.12 234.81 31.12 345.19 99 413a174.21 174.21 0 00246 0c62.57-62.58 67.43-161.35 14.57-229.54L420 123.11V160a22 22 0 0044 0V70a22 22 0 00-22-22zM313.92 381.92a130.13 130.13 0 01-183.84 0c-50.69-50.68-50.69-133.16 0-183.84s133.16-50.69 183.84 0 50.69 133.16 0 183.84z"
                  />
                </svg>
              </button>
              <button
                class=""
              >
                <svg
                  fill="currentColor"
                  height="40px"
                  stroke="currentColor"
                  stroke-width="0"
                  viewBox="0 0 512 512"
                  width="40px"
                  xmlns="http://www.w3.org/2000/svg"
                >
                  <path
                    d="M430 190c0-95.94-78.06-174-174-174S82 94.06 82 190c0 88.49 66.4 161.77 152 172.61V394h-36a22 22 0 000 44h36v36a22 22 0 0044 0v-36h36a22 22 0 000-44h-36v-31.39c85.6-10.84 152-84.12 152-172.61zm-304 0c0-71.68 58.32-130 130-130s130 58.32 130 130-58.32 130-130 130-130-58.32-130-130z"
                  />
                </svg>
              </button>
            </div>
          </div>
        </div>
      </aside>
      <figure>
        <div
          id="chart-resp-container"
        />
      </figure>
    </section>
    <section
      class="bottom"
    >
      <div
        class="ratio"
        id="ratio-resp-container"
      />
      <div
        class="overview"
        id="overview-resp-container"
      />
    </section>
  </main>
  <footer>
    <div>
      Chewam © 2020
    </div>
    <div>
      <a
        href="/"
      >
        en
      </a>
       - version 0.0.0 (
      <a
        href="https://github.com/chewam/deaths/tree/dev"
        rel="noopener noreferrer"
        target="_blank"
      >
        dev
      </a>
      )
    </div>
  </footer>
</DocumentFragment>
`;
