// Jest Snapshot v1, https://goo.gl/fbAQLP

exports[`should match snapshot 1`] = `
<DocumentFragment>
  <header>
    <h1>
      Décès annuels en France
      <small>
        Sources INSEE (
        <a
          href="https://www.data.gouv.fr/fr/datasets/fichier-des-personnes-decedees"
          rel="noopener noreferrer"
          target="_blank"
        >
          data.gouv.fr
        </a>
        )
      </small>
    </h1>
  </header>
  <main>
    <section
      class="top"
    >
      <aside>
        <ul
          class="list"
        >
          <li
            class=""
          >
            <div>
              <div
                class="dot"
                style="border-color: #ff80c5; background-color: rgb(255, 128, 197);"
              />
            </div>
            <div>
              <div>
                2020
              </div>
              <div
                class="deaths"
              >
                <div>
                  595 993 décès
                </div>
                <div>
                  (0.89% de la population totale)
                </div>
              </div>
            </div>
          </li>
          <li
            class=""
          >
            <div>
              <div
                class="dot"
                style="border-color: #ff80e8; background-color: rgb(255, 128, 232);"
              />
            </div>
            <div>
              <div>
                2019
              </div>
              <div
                class="deaths"
              >
                <div>
                  621 309 décès
                </div>
                <div>
                  (0.93% de la population totale)
                </div>
              </div>
            </div>
          </li>
          <li
            class=""
          >
            <div>
              <div
                class="dot"
                style="border-color: #f380ff; background-color: rgb(243, 128, 255);"
              />
            </div>
            <div>
              <div>
                2018
              </div>
              <div
                class="deaths"
              >
                <div>
                  618 469 décès
                </div>
                <div>
                  (0.92% de la population totale)
                </div>
              </div>
            </div>
          </li>
          <li
            class=""
          >
            <div>
              <div
                class="dot"
                style="border-color: #d180ff; background-color: rgb(209, 128, 255);"
              />
            </div>
            <div>
              <div>
                2017
              </div>
              <div
                class="deaths"
              >
                <div>
                  615 457 décès
                </div>
                <div>
                  (0.92% de la population totale)
                </div>
              </div>
            </div>
          </li>
          <li
            class="disabled"
          >
            <div>
              <div
                class="dot"
                style="border-color: #ae80ff; background-color: rgb(174, 128, 255);"
              />
            </div>
            <div>
              <div>
                2016
              </div>
              <div
                class="deaths"
              >
                <div>
                  602 238 décès
                </div>
                <div>
                  (0.90% de la population totale)
                </div>
              </div>
            </div>
          </li>
          <li
            class="disabled"
          >
            <div>
              <div
                class="dot"
                style="border-color: #8b80ff; background-color: rgb(139, 128, 255);"
              />
            </div>
            <div>
              <div>
                2015
              </div>
              <div
                class="deaths"
              >
                <div>
                  601 841 décès
                </div>
                <div>
                  (0.91% de la population totale)
                </div>
              </div>
            </div>
          </li>
          <li
            class="disabled"
          >
            <div>
              <div
                class="dot"
                style="border-color: #8097ff; background-color: rgb(128, 151, 255);"
              />
            </div>
            <div>
              <div>
                2014
              </div>
              <div
                class="deaths"
              >
                <div>
                  567 460 décès
                </div>
                <div>
                  (0.86% de la population totale)
                </div>
              </div>
            </div>
          </li>
          <li
            class="disabled"
          >
            <div>
              <div
                class="dot"
                style="border-color: #80b9ff; background-color: rgb(128, 185, 255);"
              />
            </div>
            <div>
              <div>
                2013
              </div>
              <div
                class="deaths"
              >
                <div>
                  577 532 décès
                </div>
                <div>
                  (0.88% de la population totale)
                </div>
              </div>
            </div>
          </li>
          <li
            class="disabled"
          >
            <div>
              <div
                class="dot"
                style="border-color: #80dcff; background-color: rgb(128, 220, 255);"
              />
            </div>
            <div>
              <div>
                2012
              </div>
              <div
                class="deaths"
              >
                <div>
                  578 137 décès
                </div>
                <div>
                  (0.89% de la population totale)
                </div>
              </div>
            </div>
          </li>
          <li
            class="disabled"
          >
            <div>
              <div
                class="dot"
                style="border-color: #80ffff; background-color: rgb(128, 255, 255);"
              />
            </div>
            <div>
              <div>
                2011
              </div>
              <div
                class="deaths"
              >
                <div>
                  548 952 décès
                </div>
                <div>
                  (0.85% de la population totale)
                </div>
              </div>
            </div>
          </li>
          <li
            class="disabled"
          >
            <div>
              <div
                class="dot"
                style="border-color: #80ffdc; background-color: rgb(128, 255, 220);"
              />
            </div>
            <div>
              <div>
                2010
              </div>
              <div
                class="deaths"
              >
                <div>
                  556 677 décès
                </div>
                <div>
                  (0.86% de la population totale)
                </div>
              </div>
            </div>
          </li>
          <li
            class="disabled"
          >
            <div>
              <div
                class="dot"
                style="border-color: #80ffb9; background-color: rgb(128, 255, 185);"
              />
            </div>
            <div>
              <div>
                2009
              </div>
              <div
                class="deaths"
              >
                <div>
                  555 745 décès
                </div>
                <div>
                  (0.86% de la population totale)
                </div>
              </div>
            </div>
          </li>
          <li
            class="disabled"
          >
            <div>
              <div
                class="dot"
                style="border-color: #80ff97; background-color: rgb(128, 255, 151);"
              />
            </div>
            <div>
              <div>
                2008
              </div>
              <div
                class="deaths"
              >
                <div>
                  549 872 décès
                </div>
                <div>
                  (0.86% de la population totale)
                </div>
              </div>
            </div>
          </li>
          <li
            class="disabled"
          >
            <div>
              <div
                class="dot"
                style="border-color: #8bff80; background-color: rgb(139, 255, 128);"
              />
            </div>
            <div>
              <div>
                2007
              </div>
              <div
                class="deaths"
              >
                <div>
                  538 196 décès
                </div>
                <div>
                  (0.85% de la population totale)
                </div>
              </div>
            </div>
          </li>
          <li
            class="disabled"
          >
            <div>
              <div
                class="dot"
                style="border-color: #aeff80; background-color: rgb(174, 255, 128);"
              />
            </div>
            <div>
              <div>
                2006
              </div>
              <div
                class="deaths"
              >
                <div>
                  533 280 décès
                </div>
                <div>
                  (0.84% de la population totale)
                </div>
              </div>
            </div>
          </li>
          <li
            class="disabled"
          >
            <div>
              <div
                class="dot"
                style="border-color: #d1ff80; background-color: rgb(209, 255, 128);"
              />
            </div>
            <div>
              <div>
                2005
              </div>
              <div
                class="deaths"
              >
                <div>
                  545 716 décès
                </div>
                <div>
                  (0.87% de la population totale)
                </div>
              </div>
            </div>
          </li>
          <li
            class="disabled"
          >
            <div>
              <div
                class="dot"
                style="border-color: #f3ff80; background-color: rgb(243, 255, 128);"
              />
            </div>
            <div>
              <div>
                2004
              </div>
              <div
                class="deaths"
              >
                <div>
                  526 695 décès
                </div>
                <div>
                  (0.85% de la population totale)
                </div>
              </div>
            </div>
          </li>
          <li
            class="disabled"
          >
            <div>
              <div
                class="dot"
                style="border-color: #ffe880; background-color: rgb(255, 232, 128);"
              />
            </div>
            <div>
              <div>
                2003
              </div>
              <div
                class="deaths"
              >
                <div>
                  570 654 décès
                </div>
                <div>
                  (0.92% de la population totale)
                </div>
              </div>
            </div>
          </li>
          <li
            class="disabled"
          >
            <div>
              <div
                class="dot"
                style="border-color: #ffc580; background-color: rgb(255, 197, 128);"
              />
            </div>
            <div>
              <div>
                2002
              </div>
              <div
                class="deaths"
              >
                <div>
                  552 517 décès
                </div>
                <div>
                  (0.90% de la population totale)
                </div>
              </div>
            </div>
          </li>
          <li
            class="disabled"
          >
            <div>
              <div
                class="dot"
                style="border-color: #ffa280; background-color: rgb(255, 162, 128);"
              />
            </div>
            <div>
              <div>
                2001
              </div>
              <div
                class="deaths"
              >
                <div>
                  548 158 décès
                </div>
                <div>
                  (0.90% de la population totale)
                </div>
              </div>
            </div>
          </li>
          <li
            class="disabled"
          >
            <div>
              <div
                class="dot"
                style="border-color: #ff8080; background-color: rgb(255, 128, 128);"
              />
            </div>
            <div>
              <div>
                2000
              </div>
              <div
                class="deaths"
              >
                <div>
                  546 856 décès
                </div>
                <div>
                  (0.90% de la population totale)
                </div>
              </div>
            </div>
          </li>
        </ul>
      </aside>
      <figure>
        <div
          id="chart-resp-container"
        />
      </figure>
    </section>
    <section
      class="bottom"
    >
      <div
        class="ratio"
        id="ratio-resp-container"
      />
      <div
        class="overview"
        id="overview-resp-container"
      />
    </section>
  </main>
  <footer>
    <div>
      Chewam © 2020
    </div>
    <div>
      version 0.0.0 (
      <a
        href="https://github.com/chewam/deaths/tree/dev"
        rel="noopener noreferrer"
        target="_blank"
      >
        dev
      </a>
      )
    </div>
  </footer>
</DocumentFragment>
`;
